2026-04-01 10:04:29 | INFO     | __main__:main:251 - ============================================================
2026-04-01 10:04:29 | INFO     | __main__:main:252 - 🚀 Starting Crypto Sentiment Data Sourcing Pipeline
2026-04-01 10:04:29 | INFO     | __main__:main:253 - ============================================================
2026-04-01 10:04:29 | INFO     | __main__:run_twitter_scraper:28 - Twitter scraper disabled in config
2026-04-01 10:04:29 | INFO     | data_sourcing.scrapers.base_scraper:run:47 - Starting reddit scraper...
2026-04-01 10:04:30 | INFO     | data_sourcing.scrapers.reddit_scraper:scrape:45 - Scraping r/Bitcoin...
2026-04-01 10:04:30 | INFO     | data_sourcing.scrapers.base_scraper:run:47 - Starting truth_social scraper...
2026-04-01 10:04:30 | INFO     | data_sourcing.scrapers.base_scraper:run:47 - Starting binance scraper...
2026-04-01 10:04:30 | INFO     | data_sourcing.scrapers.binance_scraper:scrape:34 - Fetching Binance data for: BTCUSDT
2026-04-01 10:04:30 | INFO     | data_sourcing.scrapers.base_scraper:run:47 - Starting coingecko scraper...
2026-04-01 10:04:31 | INFO     | data_sourcing.scrapers.coingecko_scraper:scrape:34 - Fetching CoinGecko data for: bitcoin
2026-04-01 10:04:31 | INFO     | data_sourcing.scrapers.base_scraper:run:47 - Starting fear_greed scraper...
2026-04-01 10:04:31 | INFO     | data_sourcing.scrapers.base_scraper:run:47 - Starting coindesk scraper...
2026-04-01 10:04:31 | INFO     | data_sourcing.scrapers.base_scraper:run:49 - coindesk: Collected 20 posts
2026-04-01 10:04:31 | INFO     | __main__:run_polymarket_scraper:222 - Polymarket scraper disabled in config
2026-04-01 10:04:32 | INFO     | data_sourcing.scrapers.coingecko_scraper:scrape:34 - Fetching CoinGecko data for: ethereum
2026-04-01 10:04:32 | INFO     | data_sourcing.scrapers.base_scraper:run:49 - coingecko: Collected 7 posts
2026-04-01 10:04:32 | INFO     | data_sourcing.scrapers.base_scraper:run:49 - fear_greed: Collected 70 posts
2026-04-01 10:04:32 | INFO     | data_sourcing.scrapers.binance_scraper:scrape:34 - Fetching Binance data for: ETHUSDT
2026-04-01 10:04:33 | INFO     | data_sourcing.scrapers.base_scraper:run:49 - binance: Collected 12 posts
2026-04-01 10:04:33 | INFO     | data_sourcing.core.browser_manager:launch:45 - Browser launched (headless=True)
2026-04-01 10:04:33 | INFO     | data_sourcing.scrapers.truth_social_scraper:scrape:66 - Scraping Truth Social account: @realDonaldTrump
2026-04-01 10:04:46 | INFO     | data_sourcing.scrapers.reddit_scraper:scrape:45 - Scraping r/CryptoCurrency...
2026-04-01 10:05:02 | INFO     | data_sourcing.scrapers.truth_social_scraper:_scrape_account:119 - Account @realDonaldTrump: collected 20 posts
2026-04-01 10:05:02 | INFO     | data_sourcing.scrapers.truth_social_scraper:scrape:66 - Scraping Truth Social account: @DonaldJTrumpJr
2026-04-01 10:05:06 | INFO     | data_sourcing.scrapers.reddit_scraper:scrape:45 - Scraping r/Ethereum...
2026-04-01 10:05:19 | INFO     | data_sourcing.scrapers.reddit_scraper:scrape:45 - Scraping r/crypto...
2026-04-01 10:05:22 | ERROR    | data_sourcing.scrapers.reddit_scraper:_scrape_subreddit:86 - Error scraping r/crypto: Client error '429 Too Many Requests' for url 'https://www.reddit.com/r/crypto.json?limit=50'
For more information check: https://developer.mozilla.org/en-US/docs/Web/HTTP/Status/429
2026-04-01 10:05:22 | INFO     | data_sourcing.scrapers.reddit_scraper:scrape:45 - Scraping r/BitcoinDiscussion...
2026-04-01 10:05:24 | ERROR    | data_sourcing.scrapers.reddit_scraper:_scrape_subreddit:86 - Error scraping r/BitcoinDiscussion: Client error '429 Too Many Requests' for url 'https://www.reddit.com/r/BitcoinDiscussion.json?limit=50'
For more information check: https://developer.mozilla.org/en-US/docs/Web/HTTP/Status/429
2026-04-01 10:05:24 | INFO     | data_sourcing.scrapers.base_scraper:run:49 - reddit: Collected 150 posts
2026-04-01 10:05:46 | INFO     | data_sourcing.scrapers.truth_social_scraper:_scrape_account:119 - Account @DonaldJTrumpJr: collected 20 posts
2026-04-01 10:05:47 | INFO     | data_sourcing.scrapers.truth_social_scraper:scrape:66 - Scraping Truth Social account: @EricTrump
2026-04-01 10:06:16 | INFO     | data_sourcing.scrapers.truth_social_scraper:_scrape_account:119 - Account @EricTrump: collected 20 posts
2026-04-01 10:06:16 | INFO     | data_sourcing.core.browser_manager:close:90 - Browser closed
2026-04-01 10:06:16 | INFO     | data_sourcing.scrapers.base_scraper:run:49 - truth_social: Collected 60 posts
2026-04-01 10:06:16 | INFO     | data_sourcing.storage.json_writer:save:42 - Saved 150 unique posts to data_sourcing\output\reddit_20260401_100616.json
2026-04-01 10:06:16 | INFO     | data_sourcing.storage.json_writer:save:42 - Saved 60 unique posts to data_sourcing\output\truth_social_20260401_100616.json
2026-04-01 10:06:16 | INFO     | data_sourcing.storage.json_writer:save:42 - Saved 2 unique posts to data_sourcing\output\binance_20260401_100616.json
2026-04-01 10:06:16 | INFO     | data_sourcing.storage.json_writer:save:42 - Saved 7 unique posts to data_sourcing\output\coingecko_20260401_100616.json
2026-04-01 10:06:16 | INFO     | data_sourcing.storage.json_writer:save:42 - Saved 1 unique posts to data_sourcing\output\fear_greed_20260401_100616.json
2026-04-01 10:06:16 | INFO     | data_sourcing.storage.json_writer:save:42 - Saved 20 unique posts to data_sourcing\output\coindesk_20260401_100616.json
2026-04-01 10:06:16 | INFO     | __main__:main:302 - ============================================================
2026-04-01 10:06:16 | INFO     | __main__:main:303 - ✅ Pipeline Complete: 319 total posts collected
2026-04-01 10:06:16 | INFO     | __main__:main:304 -    - Twitter: 0 posts
2026-04-01 10:06:16 | INFO     | __main__:main:305 -    - Reddit: 150 posts
2026-04-01 10:06:16 | INFO     | __main__:main:306 -    - Truth Social: 60 posts
2026-04-01 10:06:16 | INFO     | __main__:main:307 -    - Binance: 12 posts
2026-04-01 10:06:16 | INFO     | __main__:main:308 -    - CoinGecko: 7 posts
2026-04-01 10:06:16 | INFO     | __main__:main:309 -    - Fear & Greed: 70 posts
2026-04-01 10:06:16 | INFO     | __main__:main:310 -    - CoinDesk: 20 posts
2026-04-01 10:06:16 | INFO     | __main__:main:311 -    - Polymarket: 0 posts
2026-04-01 10:06:16 | INFO     | __main__:main:312 -    - Output: data_sourcing/output/
2026-04-01 10:06:16 | INFO     | __main__:main:313 - ============================================================
